Input file "empty.ru-RU.in"
Aggregate stats
	Number of sentences: 0.
	Number of words: 0.
	Number of numbers: 0.
	Number of currencies: 0.
	Number of dates: 0.
Sentence stats
	Number of sentences: 0 (0 distinct).
Word stats
	Number of words: 0 (0 distinct).
Number stats
	Number of numbers: 0 (0 distinct).
Currency stats
	Number of currencies: 0 (0 distinct).
Date stats
	Number of dates: 0 (0 distinct).