Анализируемый файл "empty.ru-RU.in".
Сводная статистика
	Число предложений: 0.
	Число слов: 0.
	Число чисел: 0.
	Число сумм: 0.
	Число дат: 0.
Статистика по предложениям
	Число предложений: 0 (0 различных).
Статистика по словам
	Число слов: 0 (0 различных).
Статистика по числам
	Число чисел: 0 (0 различных).
Статистика по суммам денег
	Число сумм: 0 (0 различных).
Статистика по датам
	Число дат: 0 (0 различных).