Анализируемый файл "quine.ru-RU.in".
Сводная статистика
	Число предложений: 30.
	Число слов: 117.
	Число чисел: 37.
	Число сумм: 3.
	Число дат: 3.
Статистика по предложениям
	Число предложений: 30 (30 различных).
	Минимальное предложение: "Анализируемый файл "quine.ru-RU.in".".
	Максимальное предложение: "Число чисел: 37.".
	Минимальная длина предложения: 13 ("Число дат: 3.").
	Максимальная длина предложения: 109 ("Максимальная длина предложения: 110 ("GK: если сюда поставить реальное предложение, то процесс не сойдётся").").
	Средняя длина предложения: 37,7.
Статистика по словам
	Число слов: 117 (48 различных).
	Минимальное слово: "GK".
	Максимальное слово: "языках".
	Минимальная длина слова: 1 ("с").
	Максимальная длина слова: 18 ("TextStatisticsTest").
	Средняя длина слова: 6,752.
Статистика по числам
	Число чисел: 37 (22 различных).
	Минимальное число: -12345,67.
	Максимальное число: 12345,67.
	Среднее число: 209,304.
Статистика по суммам денег
	Число сумм: 3 (3 различных).
	Минимальная сумма: 100,00 ₽.
	Максимальная сумма: 345,67 ₽.
	Средняя сумма: 222,83 ₽.
Статистика по датам
	Число дат: 3 (3 различных).
	Минимальная дата: 23 мая 2025 г..
	Максимальная дата: 30 мая 2025 г..
	Средняя дата: 26 мая 2025 г..