Анализируемый файл "quine.en-US.in".
Сводная статистика
	Число предложений: 29.
	Число слов: 121.
	Число чисел: 40.
	Число сумм: 4.
	Число дат: 3.
Статистика по предложениям
	Число предложений: 29 (29 различных).
	Минимальное предложение: "Average currency: $222.83.".
	Максимальное предложение: "Word stats Number of words: 121 (37 distinct).".
	Минимальная длина предложения: 19 ("Number of dates: 3.").
	Максимальная длина предложения: 80 ("Maximal sentence length: 80 ("GK: this process does not converge on real data").").
	Средняя длина предложения: 36,517.
Статистика по словам
	Число слов: 121 (37 различных).
	Минимальное слово: "Aggregate".
	Максимальное слово: "words".
	Минимальная длина слова: 2 ("of").
	Максимальная длина слова: 18 ("TextStatisticsTest").
	Средняя длина слова: 5,835.
Статистика по числам
	Число чисел: 40 (24 различных).
	Минимальное число: -12345,67.
	Максимальное число: 34828,0.
	Среднее число: 777,949.
Статистика по суммам денег
	Число сумм: 4 (3 различных).
	Минимальная сумма: 100,00 ₽.
	Максимальная сумма: 345,67 ₽.
	Средняя сумма: 222,83 ₽.
Статистика по датам
	Число дат: 3 (3 различных).
	Минимальная дата: 23 мая 2025 г..
	Максимальная дата: 30 мая 2025 г..
	Средняя дата: 26 мая 2025 г..